/home/lewis/Downloads/midwest-tfxc-source-research/out/coach-fragments-ad/IA.csv: total=63 ok=0 ok_role_context=0 role_contradicted=0 render_required=0 mismatch=0 empty=0 robots_blocked=63 fetch_failed=0
/home/lewis/Downloads/midwest-tfxc-source-research/out/coach-fragments-ad/IL.csv: total=16 ok=13 ok_role_context=0 role_contradicted=3 render_required=0 mismatch=0 empty=0 robots_blocked=0 fetch_failed=0
/home/lewis/Downloads/midwest-tfxc-source-research/out/coach-fragments-ad/KS.csv: total=523 ok=523 ok_role_context=0 role_contradicted=0 render_required=0 mismatch=0 empty=0 robots_blocked=0 fetch_failed=0
/home/lewis/Downloads/midwest-tfxc-source-research/out/coach-fragments-ad/MI.csv: total=14 ok=0 ok_role_context=0 role_contradicted=0 render_required=0 mismatch=0 empty=0 robots_blocked=14 fetch_failed=0
/home/lewis/Downloads/midwest-tfxc-source-research/out/coach-fragments-ad/MN.csv: total=7 ok=7 ok_role_context=0 role_contradicted=0 render_required=0 mismatch=0 empty=0 robots_blocked=0 fetch_failed=0
/home/lewis/Downloads/midwest-tfxc-source-research/out/coach-fragments-ad/ND.csv: total=39 ok=39 ok_role_context=0 role_contradicted=0 render_required=0 mismatch=0 empty=0 robots_blocked=0 fetch_failed=0
/home/lewis/Downloads/midwest-tfxc-source-research/out/coach-fragments-ad/NE.csv: total=16 ok=2 ok_role_context=1 role_contradicted=13 render_required=0 mismatch=0 empty=0 robots_blocked=0 fetch_failed=0
/home/lewis/Downloads/midwest-tfxc-source-research/out/coach-fragments-ad/OH.csv: total=31 ok=0 ok_role_context=0 role_contradicted=0 render_required=0 mismatch=0 empty=0 robots_blocked=0 fetch_failed=31
/home/lewis/Downloads/midwest-tfxc-source-research/out/coach-fragments-ad/SD.csv: total=30 ok=0 ok_role_context=0 role_contradicted=0 render_required=0 mismatch=0 empty=0 robots_blocked=29 fetch_failed=1
/home/lewis/Downloads/midwest-tfxc-source-research/out/coach-fragments-ad/WI.csv: total=19 ok=17 ok_role_context=2 role_contradicted=0 render_required=0 mismatch=0 empty=0 robots_blocked=0 fetch_failed=0
/home/lewis/Downloads/midwest-tfxc-source-research/out/coach-fragments/AZ.csv: total=188 ok=171 ok_role_context=0 role_contradicted=11 render_required=5 mismatch=1 empty=0 robots_blocked=0 fetch_failed=0
/home/lewis/Downloads/midwest-tfxc-source-research/out/coach-fragments/CA.csv: total=193 ok=152 ok_role_context=0 role_contradicted=41 render_required=0 mismatch=0 empty=0 robots_blocked=0 fetch_failed=0
/home/lewis/Downloads/midwest-tfxc-source-research/out/coach-fragments/CO.csv: total=200 ok=200 ok_role_context=0 role_contradicted=0 render_required=0 mismatch=0 empty=0 robots_blocked=0 fetch_failed=0
/home/lewis/Downloads/midwest-tfxc-source-research/out/coach-fragments/DC.csv: total=50 ok=36 ok_role_context=4 role_contradicted=0 render_required=10 mismatch=0 empty=0 robots_blocked=0 fetch_failed=0
/home/lewis/Downloads/midwest-tfxc-source-research/out/coach-fragments/FL.csv: total=4 ok=1 ok_role_context=3 role_contradicted=0 render_required=0 mismatch=0 empty=0 robots_blocked=0 fetch_failed=0
/home/lewis/Downloads/midwest-tfxc-source-research/out/coach-fragments/GA.csv: total=193 ok=0 ok_role_context=42 role_contradicted=151 render_required=0 mismatch=0 empty=0 robots_blocked=0 fetch_failed=0
/home/lewis/Downloads/midwest-tfxc-source-research/out/coach-fragments/IA.csv: total=93 ok=62 ok_role_context=20 role_contradicted=0 render_required=0 mismatch=0 empty=0 robots_blocked=0 fetch_failed=11
/home/lewis/Downloads/midwest-tfxc-source-research/out/coach-fragments/IL.csv: total=197 ok=170 ok_role_context=0 role_contradicted=27 render_required=0 mismatch=0 empty=0 robots_blocked=0 fetch_failed=0
/home/lewis/Downloads/midwest-tfxc-source-research/out/coach-fragments/IN.csv: total=130 ok=106 ok_role_context=13 role_contradicted=11 render_required=0 mismatch=0 empty=0 robots_blocked=0 fetch_failed=0
/home/lewis/Downloads/midwest-tfxc-source-research/out/coach-fragments/KS.csv: total=37 ok=11 ok_role_context=22 role_contradicted=4 render_required=0 mismatch=0 empty=0 robots_blocked=0 fetch_failed=0
/home/lewis/Downloads/midwest-tfxc-source-research/out/coach-fragments/MI.csv: total=106 ok=82 ok_role_context=11 role_contradicted=12 render_required=1 mismatch=0 empty=0 robots_blocked=0 fetch_failed=0
/home/lewis/Downloads/midwest-tfxc-source-research/out/coach-fragments/MN.csv: total=1176 ok=1173 ok_role_context=0 role_contradicted=0 render_required=0 mismatch=3 empty=0 robots_blocked=0 fetch_failed=0
/home/lewis/Downloads/midwest-tfxc-source-research/out/coach-fragments/MO.csv: total=61 ok=54 ok_role_context=6 role_contradicted=0 render_required=1 mismatch=0 empty=0 robots_blocked=0 fetch_failed=0
/home/lewis/Downloads/midwest-tfxc-source-research/out/coach-fragments/ND.csv: total=199 ok=141 ok_role_context=0 role_contradicted=58 render_required=0 mismatch=0 empty=0 robots_blocked=0 fetch_failed=0
/home/lewis/Downloads/midwest-tfxc-source-research/out/coach-fragments/NE.csv: total=209 ok=75 ok_role_context=22 role_contradicted=92 render_required=20 mismatch=0 empty=0 robots_blocked=0 fetch_failed=0
/home/lewis/Downloads/midwest-tfxc-source-research/out/coach-fragments/NJ.csv: total=86 ok=76 ok_role_context=10 role_contradicted=0 render_required=0 mismatch=0 empty=0 robots_blocked=0 fetch_failed=0
/home/lewis/Downloads/midwest-tfxc-source-research/out/coach-fragments/OH.csv: total=190 ok=69 ok_role_context=7 role_contradicted=5 render_required=2 mismatch=0 empty=0 robots_blocked=0 fetch_failed=107
/home/lewis/Downloads/midwest-tfxc-source-research/out/coach-fragments/OR.csv: total=196 ok=193 ok_role_context=0 role_contradicted=2 render_required=1 mismatch=0 empty=0 robots_blocked=0 fetch_failed=0
/home/lewis/Downloads/midwest-tfxc-source-research/out/coach-fragments/TN.csv: total=190 ok=153 ok_role_context=0 role_contradicted=37 render_required=0 mismatch=0 empty=0 robots_blocked=0 fetch_failed=0
/home/lewis/Downloads/midwest-tfxc-source-research/out/coach-fragments/TX.csv: total=72 ok=49 ok_role_context=17 role_contradicted=6 render_required=0 mismatch=0 empty=0 robots_blocked=0 fetch_failed=0
/home/lewis/Downloads/midwest-tfxc-source-research/out/coach-fragments/UT.csv: total=200 ok=176 ok_role_context=0 role_contradicted=24 render_required=0 mismatch=0 empty=0 robots_blocked=0 fetch_failed=0
/home/lewis/Downloads/midwest-tfxc-source-research/out/coach-fragments/WI-wide.csv: total=5172 ok=5172 ok_role_context=0 role_contradicted=0 render_required=0 mismatch=0 empty=0 robots_blocked=0 fetch_failed=0
/home/lewis/Downloads/midwest-tfxc-source-research/out/coach-fragments/WI.csv: total=5172 ok=5172 ok_role_context=0 role_contradicted=0 render_required=0 mismatch=0 empty=0 robots_blocked=0 fetch_failed=0
/home/lewis/Downloads/midwest-tfxc-source-research/out/coach-fragments-ad/IA.csv: total=63 ok=0 ok_role_context=0 role_contradicted=0 render_required=0 mismatch=0 empty=0 robots_blocked=63 fetch_failed=0
/home/lewis/Downloads/midwest-tfxc-source-research/out/coach-fragments-ad/IL.csv: total=16 ok=13 ok_role_context=0 role_contradicted=3 render_required=0 mismatch=0 empty=0 robots_blocked=0 fetch_failed=0
/home/lewis/Downloads/midwest-tfxc-source-research/out/coach-fragments-ad/KS.csv: total=523 ok=523 ok_role_context=0 role_contradicted=0 render_required=0 mismatch=0 empty=0 robots_blocked=0 fetch_failed=0
/home/lewis/Downloads/midwest-tfxc-source-research/out/coach-fragments-ad/MI.csv: total=14 ok=0 ok_role_context=0 role_contradicted=0 render_required=0 mismatch=0 empty=0 robots_blocked=14 fetch_failed=0
/home/lewis/Downloads/midwest-tfxc-source-research/out/coach-fragments-ad/MN.csv: total=7 ok=7 ok_role_context=0 role_contradicted=0 render_required=0 mismatch=0 empty=0 robots_blocked=0 fetch_failed=0
/home/lewis/Downloads/midwest-tfxc-source-research/out/coach-fragments-ad/ND.csv: total=39 ok=39 ok_role_context=0 role_contradicted=0 render_required=0 mismatch=0 empty=0 robots_blocked=0 fetch_failed=0
/home/lewis/Downloads/midwest-tfxc-source-research/out/coach-fragments-ad/NE.csv: total=16 ok=2 ok_role_context=1 role_contradicted=13 render_required=0 mismatch=0 empty=0 robots_blocked=0 fetch_failed=0
/home/lewis/Downloads/midwest-tfxc-source-research/out/coach-fragments-ad/OH.csv: total=31 ok=0 ok_role_context=0 role_contradicted=0 render_required=0 mismatch=0 empty=0 robots_blocked=0 fetch_failed=31
/home/lewis/Downloads/midwest-tfxc-source-research/out/coach-fragments-ad/SD.csv: total=30 ok=0 ok_role_context=0 role_contradicted=0 render_required=0 mismatch=0 empty=0 robots_blocked=30 fetch_failed=0
/home/lewis/Downloads/midwest-tfxc-source-research/out/coach-fragments-ad/WI.csv: total=19 ok=17 ok_role_context=2 role_contradicted=0 render_required=0 mismatch=0 empty=0 robots_blocked=0 fetch_failed=0
/home/lewis/Downloads/midwest-tfxc-source-research/out/coach-fragments/AZ.csv: total=188 ok=171 ok_role_context=0 role_contradicted=11 render_required=5 mismatch=1 empty=0 robots_blocked=0 fetch_failed=0
/home/lewis/Downloads/midwest-tfxc-source-research/out/coach-fragments/CA.csv: total=193 ok=152 ok_role_context=0 role_contradicted=41 render_required=0 mismatch=0 empty=0 robots_blocked=0 fetch_failed=0
/home/lewis/Downloads/midwest-tfxc-source-research/out/coach-fragments/CO.csv: total=200 ok=200 ok_role_context=0 role_contradicted=0 render_required=0 mismatch=0 empty=0 robots_blocked=0 fetch_failed=0
/home/lewis/Downloads/midwest-tfxc-source-research/out/coach-fragments/DC.csv: total=50 ok=36 ok_role_context=4 role_contradicted=0 render_required=10 mismatch=0 empty=0 robots_blocked=0 fetch_failed=0
/home/lewis/Downloads/midwest-tfxc-source-research/out/coach-fragments/FL.csv: total=4 ok=1 ok_role_context=3 role_contradicted=0 render_required=0 mismatch=0 empty=0 robots_blocked=0 fetch_failed=0
/home/lewis/Downloads/midwest-tfxc-source-research/out/coach-fragments/GA.csv: total=193 ok=0 ok_role_context=42 role_contradicted=151 render_required=0 mismatch=0 empty=0 robots_blocked=0 fetch_failed=0
/home/lewis/Downloads/midwest-tfxc-source-research/out/coach-fragments/IA.csv: total=93 ok=62 ok_role_context=20 role_contradicted=0 render_required=0 mismatch=0 empty=0 robots_blocked=0 fetch_failed=11
/home/lewis/Downloads/midwest-tfxc-source-research/out/coach-fragments/IL.csv: total=197 ok=170 ok_role_context=0 role_contradicted=27 render_required=0 mismatch=0 empty=0 robots_blocked=0 fetch_failed=0
/home/lewis/Downloads/midwest-tfxc-source-research/out/coach-fragments/IN.csv: total=130 ok=106 ok_role_context=13 role_contradicted=11 render_required=0 mismatch=0 empty=0 robots_blocked=0 fetch_failed=0
/home/lewis/Downloads/midwest-tfxc-source-research/out/coach-fragments/KS.csv: total=37 ok=11 ok_role_context=22 role_contradicted=4 render_required=0 mismatch=0 empty=0 robots_blocked=0 fetch_failed=0
/home/lewis/Downloads/midwest-tfxc-source-research/out/coach-fragments/MI.csv: total=106 ok=82 ok_role_context=11 role_contradicted=12 render_required=1 mismatch=0 empty=0 robots_blocked=0 fetch_failed=0
/home/lewis/Downloads/midwest-tfxc-source-research/out/coach-fragments/MN.csv: total=1176 ok=1173 ok_role_context=0 role_contradicted=0 render_required=0 mismatch=3 empty=0 robots_blocked=0 fetch_failed=0
/home/lewis/Downloads/midwest-tfxc-source-research/out/coach-fragments/MO.csv: total=61 ok=54 ok_role_context=6 role_contradicted=0 render_required=1 mismatch=0 empty=0 robots_blocked=0 fetch_failed=0
/home/lewis/Downloads/midwest-tfxc-source-research/out/coach-fragments/ND.csv: total=199 ok=141 ok_role_context=0 role_contradicted=58 render_required=0 mismatch=0 empty=0 robots_blocked=0 fetch_failed=0
/home/lewis/Downloads/midwest-tfxc-source-research/out/coach-fragments/NE.csv: total=209 ok=75 ok_role_context=22 role_contradicted=92 render_required=20 mismatch=0 empty=0 robots_blocked=0 fetch_failed=0
/home/lewis/Downloads/midwest-tfxc-source-research/out/coach-fragments/NJ.csv: total=86 ok=76 ok_role_context=10 role_contradicted=0 render_required=0 mismatch=0 empty=0 robots_blocked=0 fetch_failed=0
/home/lewis/Downloads/midwest-tfxc-source-research/out/coach-fragments/OH.csv: total=190 ok=69 ok_role_context=7 role_contradicted=5 render_required=2 mismatch=0 empty=0 robots_blocked=0 fetch_failed=107
/home/lewis/Downloads/midwest-tfxc-source-research/out/coach-fragments/OR.csv: total=196 ok=193 ok_role_context=0 role_contradicted=2 render_required=1 mismatch=0 empty=0 robots_blocked=0 fetch_failed=0
/home/lewis/Downloads/midwest-tfxc-source-research/out/coach-fragments/TN.csv: total=190 ok=153 ok_role_context=0 role_contradicted=37 render_required=0 mismatch=0 empty=0 robots_blocked=0 fetch_failed=0
/home/lewis/Downloads/midwest-tfxc-source-research/out/coach-fragments/TX.csv: total=72 ok=49 ok_role_context=17 role_contradicted=6 render_required=0 mismatch=0 empty=0 robots_blocked=0 fetch_failed=0
/home/lewis/Downloads/midwest-tfxc-source-research/out/coach-fragments/UT.csv: total=200 ok=176 ok_role_context=0 role_contradicted=24 render_required=0 mismatch=0 empty=0 robots_blocked=0 fetch_failed=0
/home/lewis/Downloads/midwest-tfxc-source-research/out/coach-fragments/WI-wide.csv: total=5172 ok=5172 ok_role_context=0 role_contradicted=0 render_required=0 mismatch=0 empty=0 robots_blocked=0 fetch_failed=0
/home/lewis/Downloads/midwest-tfxc-source-research/out/coach-fragments/WI.csv: total=5172 ok=5172 ok_role_context=0 role_contradicted=0 render_required=0 mismatch=0 empty=0 robots_blocked=0 fetch_failed=0
