coach-fragments/FL.csv: total=4 ok=1 role_context=3 role_contradicted=0 render_required=0 mismatch=0 empty=0
coach-fragments/DC.csv: total=50 ok=36 role_context=4 role_contradicted=0 render_required=10 mismatch=0 empty=0
coach-fragments/AZ.csv: total=158 ok=139 role_context=0 role_contradicted=10 render_required=8 mismatch=1 empty=0
coach-fragments/CO.csv: total=200 ok=200 role_context=0 role_contradicted=0 render_required=0 mismatch=0 empty=0
coach-fragments/IN.csv: total=130 ok=101 role_context=15 role_contradicted=9 render_required=5 mismatch=0 empty=0
coach-fragments/MO.csv: total=61 ok=54 role_context=6 role_contradicted=0 render_required=1 mismatch=0 empty=0
coach-fragments/CA.csv: total=193 ok=152 role_context=0 role_contradicted=41 render_required=0 mismatch=0 empty=0
coach-fragments/MI.csv: total=106 ok=82 role_context=11 role_contradicted=12 render_required=1 mismatch=0 empty=0
coach-fragments/NJ.csv: total=86 ok=37 role_context=4 role_contradicted=0 render_required=45 mismatch=0 empty=0
coach-fragments/IA.csv: total=93 ok=68 role_context=16 role_contradicted=0 render_required=4 mismatch=0 empty=5
coach-fragments/IL.csv: total=197 ok=170 role_context=0 role_contradicted=27 render_required=0 mismatch=0 empty=0
coach-fragments/ND.csv: total=199 ok=134 role_context=0 role_contradicted=62 render_required=3 mismatch=0 empty=0
coach-fragments/OR.csv: total=196 ok=193 role_context=0 role_contradicted=2 render_required=1 mismatch=0 empty=0
coach-fragments/NE.csv: total=209 ok=70 role_context=16 role_contradicted=92 render_required=31 mismatch=0 empty=0
coach-fragments/TX.csv: total=72 ok=45 role_context=17 role_contradicted=5 render_required=5 mismatch=0 empty=0
coach-fragments-ad/IA.csv: total=63 ok=53 role_context=0 role_contradicted=7 render_required=3 mismatch=0 empty=0
coach-fragments-ad/IL.csv: total=16 ok=13 role_context=0 role_contradicted=3 render_required=0 mismatch=0 empty=0
coach-fragments/UT.csv: total=200 ok=176 role_context=0 role_contradicted=24 render_required=0 mismatch=0 empty=0
coach-fragments-ad/MI.csv: total=14 ok=14 role_context=0 role_contradicted=0 render_required=0 mismatch=0 empty=0
coach-fragments-ad/MN.csv: total=7 ok=7 role_context=0 role_contradicted=0 render_required=0 mismatch=0 empty=0
coach-fragments-ad/ND.csv: total=39 ok=39 role_context=0 role_contradicted=0 render_required=0 mismatch=0 empty=0
coach-fragments-ad/NE.csv: total=16 ok=2 role_context=1 role_contradicted=13 render_required=0 mismatch=0 empty=0
coach-fragments-ad/OH.csv: total=31 ok=13 role_context=18 role_contradicted=0 render_required=0 mismatch=0 empty=0
coach-fragments-ad/SD.csv: total=30 ok=26 role_context=0 role_contradicted=4 render_required=0 mismatch=0 empty=0
coach-fragments-ad/WI.csv: total=19 ok=17 role_context=2 role_contradicted=0 render_required=0 mismatch=0 empty=0
coach-fragments-ad/KS.csv: total=523 ok=523 role_context=0 role_contradicted=0 render_required=0 mismatch=0 empty=0
coach-fragments/WI.csv: total=706 ok=706 role_context=0 role_contradicted=0 render_required=0 mismatch=0 empty=0
coach-fragments/MN.csv: total=1176 ok=1174 role_context=0 role_contradicted=0 render_required=0 mismatch=2 empty=0
coach-fragments/GA.csv: total=188 ok=0 role_context=41 role_contradicted=147 render_required=0 mismatch=0 empty=0
coach-fragments/KS.csv: total=37 ok=9 role_context=22 role_contradicted=0 render_required=0 mismatch=0 empty=6
coach-fragments/TN.csv: total=183 ok=153 role_context=0 role_contradicted=0 render_required=20 mismatch=1 empty=9
coach-fragments/OH.csv: total=190 ok=92 role_context=76 role_contradicted=5 render_required=11 mismatch=0 empty=6
=== sweep done 10:41:08
