2026-09-22T03:55:18Z | 200 46660 text/html; charset=utf-8 | tfrrs-sites.html | https://www.tfrrs.org/sites.html
2026-09-22T03:55:19Z | 200 261528 text/html; charset=ISO-8859-1 | dat-league-track-43-oh.html | https://www.directathletics.com/leagues/track/43.html
2026-09-22T03:55:21Z | 200 53013 text/html; charset=utf-8 | dat-results-index-oh-track.html | https://www.directathletics.com/legacy_da/results?filterrific%5Bwith_states%5D=OH&filterrific%5Bwith_sports%5D=track
2026-09-22T03:55:23Z | 200 1948104 text/html; charset=utf-8 | dat-rankings.html | https://www.directathletics.com/rankings.html
2026-09-22T03:55:24Z | 200 516774 text/html; charset=utf-8 | dat-list-track-1428_5490-jr.html | https://www.directathletics.com/lists/track/1428_5490.html?year=JR&limit=100
2026-09-22T03:55:26Z | 200 48882 text/html; charset=utf-8 | tfrrs-results-search-in-xc-2026.html | https://www.tfrrs.org/results_search_page.html?with_states=IN&with_sports=xc&with_year=2026
2026-09-22T03:55:28Z | 200 104698 text/html; charset=utf-8 | indiana-tfrrs-home.html | https://indiana.tfrrs.org/
2026-09-22T03:55:30Z | 200 312710 text/html; charset=utf-8 | tfrrs-athlete-8429704.html | https://www.tfrrs.org/athletes/8429704.html
2026-09-22T03:55:31Z | 200 1880743 text/html; charset=utf-8 | indiana-tfrrs-list-5489.html | https://indiana.tfrrs.org/lists/5489/HSR_All_School_Performance_List/2026/i
2026-09-22T03:58:50Z | 200 53009 text/html; charset=utf-8 | dat-results-index-oh-track-p2.html | https://www.directathletics.com/legacy_da/results?filterrific[with_states]=OH&filterrific[with_sports]=track&page=2
2026-09-22T03:59:23Z | 200 66191 text/html; charset=utf-8 | tfrrs-result-96753.html | https://www.tfrrs.org/results/96753/River_States_Conference_Track__Field_Championships/
2026-09-22T03:59:24Z | 200 340501 text/javascript; charset=ISO-8859-1 | dat-fusedriver-upcoming.js | https://www.directathletics.com/scripts/fuseDriver_Upcoming.js
2026-09-22T04:00:05Z | 200 57376 text/html; charset=utf-8 | tfrrs-event-96753-5981923.html | https://www.tfrrs.org/results/96753/5981923/River_States_Conference_Track__Field_Championships/Womens-10000-Meters
2026-09-22T04:01:25Z | 200 18461 text/html; charset=utf-8 | dat-hs-event-sheet-74867_4545019.html | https://www.directathletics.com/results/track/74867_4545019.html
2026-09-22T04:01:58Z | 200 139564 text/html; charset=utf-8 | florida-tfrrs-home.html | https://florida.tfrrs.org/
2026-09-22T04:02:01Z | 200 129269 text/html; charset=utf-8 | nh-tfrrs-home.html | https://nh.tfrrs.org/
2026-09-22T04:02:22Z | 000 0 | (probe) texas.tfrrs.org | https://texas.tfrrs.org/
2026-09-22T04:02:23Z | 000 0 | (probe) ohio.tfrrs.org | https://ohio.tfrrs.org/
2026-09-22T04:02:25Z | 000 0 | (probe) california.tfrrs.org | https://california.tfrrs.org/
2026-09-22T04:06:33Z | 200 29639 text/html; charset=utf-8 | robots-www.directathletics.com_robots.txt | https://www.directathletics.com/robots.txt
2026-09-22T04:06:35Z | 200 99 text/plain | (refetch) robots-www.tfrrs.org_robots.txt | https://www.tfrrs.org/robots.txt
