=== compiled 07:41:22
"u\000\000\000" # Uses: 2
"+l=\"ca\001noni" # Uses: 2
"Rela" # Uses: 1
"\001\000\000," # Uses: 0
"\357\277\275hr" # Uses: 7
"9\000\000\000\000\000\000\000" # Uses: 2
###### End of recommended dictionary. ######
Done 887941 runs in 121 second(s)
=== hytek 07:45:52
"\000\000\000\000\000\000\001\356" # Uses: 12
"0\000\000\000" # Uses: 13
"f\000\357\277\275\000<preg" # Uses: 6
"<pre`e\":[{\"" # Uses: 6
"\001\000\000\000\000\000\000\355" # Uses: 2
"\357\277\275\357\277\275\000\000\000\002\000" # Uses: 5
###### End of recommended dictionary. ######
Done 957318 runs in 121 second(s)
=== raceday 07:47:55
"/\000\000\000" # Uses: 4
"\000\000\000\000\000\000\002\227" # Uses: 3
"y\000\357\277\275" # Uses: 6
"\201\032\245\205&{\000\000" # Uses: 0
"\017\000\000\000\000\000\000\000" # Uses: 1
"\275\303\227>t" # Uses: 1
###### End of recommended dictionary. ######
Done 1896905 runs in 121 second(s)
=== xc 07:51:40
"\357\277\275@" # Uses: 5
"/\000\000\000" # Uses: 4
"=\017\000\000" # Uses: 3
"6\357\277\275\023\357\277\275\000" # Uses: 3
"{\"alls\357\277\275\357\277\275s\000\000\000" # Uses: 4
"8\000\000\000\000\000\000\000" # Uses: 3
###### End of recommended dictionary. ######
Done 662881 runs in 121 second(s)
=== fuzz done 07:53:42
