2026-09-22T03:55:18Z | 302 161 text/html; charset=utf-8 | wa-sitemap-index.xml | https://worldathletics.org/sitemap/sitemapindex.xml
2026-09-22T03:55:19Z | 200 1170767 text/html; charset=utf-8 | wa-home.html | https://worldathletics.org/
2026-09-22T03:55:54Z | 200 33382 text/html; charset=utf-8 | wa-athletes-page.html | https://worldathletics.org/athletes
2026-09-22T03:56:25Z | 200 7170 application/javascript; charset=UTF-8 | wa-chunk-athletes.js | https://worldathletics.org/_next/static/chunks/pages/athletes-8c01e0aba7a027f0a0e0.js
2026-09-22T03:57:59Z | 200 1600406 application/javascript; charset=UTF-8 | wa-chunk-app.js | https://worldathletics.org/_next/static/chunks/pages/_app-69522c6f4895b224e329.js
2026-09-22T03:59:36Z | 503 1019 text/html | wa-graphql-metadata-curl.json | POST https://graphql-prod-4895.edge.aws.worldathletics.org/graphql (GetVocabulary)
2026-09-22T03:59:36Z | 503 1019 text/html | wa-graphql-introspect.json | POST graphql introspection
2026-09-22T04:00:17Z | 200 202 application/json; charset=UTF-8 | wa-graphql-with-key.json | POST graphql with x-api-key + referer
2026-09-22T04:00:17Z | 200 15163 | wa-graphql-introspect.json | POST graphql introspection
2026-09-22T04:00:33Z | 200 35874 | wa-graphql-queryfields.json | Query field introspection
2026-09-22T04:00:45Z | 200 377 | wa-graphql-search-walsh.json | searchAthletes
2026-09-22T04:00:45Z | 200 528 | wa-graphql-athlete-type.json | Athlete type introspection
2026-09-22T04:01:25Z | 200 18710 | wa-graphql-querytypes.json | Query field types
2026-09-22T04:01:41Z | 200 142 | wa-graphql-trending.json | TrendingAthletes type
2026-09-22T04:01:43Z | 200 974 | wa-graphql-athletenewdata.json | AthleteNewData type
2026-09-22T04:01:44Z | 200 238 | wa-graphql-trending-data.json | getTrendingAthletes probe
2026-09-22T04:01:58Z | 200 1464 | wa-graphql-trending-full.json | getTrendingAthletes full
2026-09-22T04:02:00Z | 200 147 | wa-graphql-athlete-252802.json | getAthlete id=252802
2026-09-22T04:02:09Z | 200 147 | wa-graphql-athlete-14377384.json | getAthlete id=14377384
2026-09-22T04:02:10Z | 200 30 | wa-graphql-search-probe.json | searchAthletes eventId=0
2026-09-22T04:02:22Z | 200 214 | wa-graphql-athlete-slug.json | getAthlete urlSlug=malaika-mihambo-14377384
2026-09-22T04:02:24Z | 200 105 | wa-graphql-athlete-14479487.json | getAthlete 14479487
2026-09-22T04:09:27Z | 200 106 text/plain; charset=utf-8 | wa-robots.txt | https://worldathletics.org/robots.txt
